// Jest Snapshot v1, https://goo.gl/fbAQLP

exports[`useSearchComputedProps — searchResultsProps snapshot produces a stable props object with expected shape (no-result state) 1`] = `
{
  "degradedDetail": null,
  "downloadError": null,
  "downloadLoading": false,
  "error": null,
  "estimatedTime": 30,
  "excelFailCount": 0,
  "filterSummary": null,
  "hasLastSearch": false,
  "isDegraded": false,
  "isProfileComplete": true,
  "isReconnecting": false,
  "isResultsTourCompleted": "[Function]",
  "isTrialExpired": false,
  "liveFetchInProgress": false,
  "loading": false,
  "loadingStep": 0,
  "nearbyResultsCount": undefined,
  "onAddNeighborStates": undefined,
  "onAdjustPeriod": undefined,
  "onCancel": "[Function]",
  "onCancelRetry": "[Function]",
  "onDismissPartial": "[Function]",
  "onDownload": "[Function]",
  "onGeneratePdf": "[Function]",
  "onLoadLastSearch": "[Function]",
  "onOrdenacaoChange": "[Function]",
  "onRefreshResults": "[Function]",
  "onRegenerateExcel": "[Function]",
  "onRetryForceFresh": "[Function]",
  "onRetryNow": "[Function]",
  "onRetryWithUfs": "[Function]",
  "onSearch": "[Function]",
  "onShowUpgradeModal": "[Function]",
  "onStageChange": "[Function]",
  "onStartResultsTour": "[Function]",
  "onTrackEvent": "[Function]",
  "onViewNearbyResults": undefined,
  "onViewPartial": "[Function]",
  "ordenacao": "data_publicacao_desc",
  "partialDismissed": false,
  "partialProgress": null,
  "paywallApplied": undefined,
  "pdfLoading": false,
  "pendingReviewCount": 0,
  "pendingReviewUpdate": null,
  "planInfo": null,
  "quotaError": null,
  "rawCount": 0,
  "refreshAvailable": null,
  "result": null,
  "retryCountdown": null,
  "retryExhausted": false,
  "retryMessage": null,
  "searchElapsedSeconds": 0,
  "searchId": "test-search-id",
  "searchMode": "setor",
  "sectorName": "Software & TI",
  "session": {
    "access_token": "test-token",
  },
  "setorId": "software-ti",
  "skeletonTimeoutReached": false,
  "sourceStatuses": "Map(0)",
  "sseAvailable": false,
  "sseDisconnected": false,
  "sseEvent": null,
  "stateCount": 2,
  "statesProcessed": 0,
  "status": "todas",
  "termosArray": [],
  "totalBeforePaywall": undefined,
  "trialPhase": "trial",
  "ufAllComplete": false,
  "ufStatuses": "Map(0)",
  "ufTotalFound": 0,
  "ufsSelecionadas": "Set(2)",
  "useRealProgress": false,
  "zeroMatchProgress": null,
}
`;
