// Jest Snapshot v1, https://goo.gl/fbAQLP

exports[`EnhancedLoadingProgress Component Snapshot should match visual snapshot of new carousel component 1`] = `
<div
  aria-label="Analisando oportunidades"
  aria-live="polite"
  class="relative mt-6 sm:mt-8 p-4 sm:p-6 rounded-card animate-fade-in-up bg-surface-0 border border-strong"
  data-testid="loading-progress"
  role="status"
>
  <div
    class="flex items-center gap-3 mb-4"
  >
    <svg
      aria-hidden="true"
      class="animate-spin h-6 w-6 text-brand-blue"
      viewBox="0 0 24 24"
    >
      <circle
        class="opacity-25"
        cx="12"
        cy="12"
        fill="none"
        r="10"
        stroke="currentColor"
        stroke-width="4"
      />
      <path
        class="opacity-75"
        d="M4 12a8 8 0 018-8V0C5.373 0 0 5.373 0 12h4zm2 5.291A7.962 7.962 0 014 12H0c0 3.042 1.135 5.824 3 7.938l3-2.647z"
        fill="currentColor"
      />
    </svg>
    <p
      class="text-base sm:text-lg font-semibold text-ink"
    >
      Analisando oportunidades...
    </p>
  </div>
  <div
    class="mb-5"
  >
    <div
      class="w-full bg-surface-2 rounded-full h-2.5 overflow-hidden"
    >
      <div
        aria-valuemax="100"
        aria-valuemin="0"
        aria-valuenow="30"
        class="bg-gradient-to-r from-brand-blue to-brand-blue-hover h-2.5 rounded-full transition-all duration-700 ease-out"
        role="progressbar"
        style="width: 30%;"
      />
    </div>
  </div>
  <div
    class="mb-4 p-4 bg-surface-1 dark:bg-surface-2 rounded-lg min-h-[80px] flex flex-col justify-between"
    data-testid="b2g-carousel"
  >
    <div
      class="flex items-start gap-3"
    >
      <span
        aria-hidden="true"
        class="text-lg flex-shrink-0 mt-0.5"
      >
        💡
      </span>
      <p
        class="text-sm text-ink-secondary leading-relaxed transition-opacity duration-300 opacity-100"
        data-testid="carousel-tip"
      >
        O Brasil homologou mais de R$ 1 trilhão em contratações públicas em 2025. Sua empresa pode capturar parte desse mercado.
      </p>
    </div>
    <div
      class="flex justify-center gap-1.5 mt-3"
      data-testid="carousel-dots"
    >
      <button
        aria-label="Dica 1 de 15"
        class="w-1.5 h-1.5 rounded-full transition-all duration-300 bg-brand-blue w-3"
        type="button"
      />
      <button
        aria-label="Dica 2 de 15"
        class="w-1.5 h-1.5 rounded-full transition-all duration-300 bg-ink-muted/30"
        type="button"
      />
      <button
        aria-label="Dica 3 de 15"
        class="w-1.5 h-1.5 rounded-full transition-all duration-300 bg-ink-muted/30"
        type="button"
      />
      <button
        aria-label="Dica 4 de 15"
        class="w-1.5 h-1.5 rounded-full transition-all duration-300 bg-ink-muted/30"
        type="button"
      />
      <button
        aria-label="Dica 5 de 15"
        class="w-1.5 h-1.5 rounded-full transition-all duration-300 bg-ink-muted/30"
        type="button"
      />
      <button
        aria-label="Dica 6 de 15"
        class="w-1.5 h-1.5 rounded-full transition-all duration-300 bg-ink-muted/30"
        type="button"
      />
      <button
        aria-label="Dica 7 de 15"
        class="w-1.5 h-1.5 rounded-full transition-all duration-300 bg-ink-muted/30"
        type="button"
      />
      <button
        aria-label="Dica 8 de 15"
        class="w-1.5 h-1.5 rounded-full transition-all duration-300 bg-ink-muted/30"
        type="button"
      />
      <button
        aria-label="Dica 9 de 15"
        class="w-1.5 h-1.5 rounded-full transition-all duration-300 bg-ink-muted/30"
        type="button"
      />
      <button
        aria-label="Dica 10 de 15"
        class="w-1.5 h-1.5 rounded-full transition-all duration-300 bg-ink-muted/30"
        type="button"
      />
      <button
        aria-label="Dica 11 de 15"
        class="w-1.5 h-1.5 rounded-full transition-all duration-300 bg-ink-muted/30"
        type="button"
      />
      <button
        aria-label="Dica 12 de 15"
        class="w-1.5 h-1.5 rounded-full transition-all duration-300 bg-ink-muted/30"
        type="button"
      />
      <button
        aria-label="Dica 13 de 15"
        class="w-1.5 h-1.5 rounded-full transition-all duration-300 bg-ink-muted/30"
        type="button"
      />
      <button
        aria-label="Dica 14 de 15"
        class="w-1.5 h-1.5 rounded-full transition-all duration-300 bg-ink-muted/30"
        type="button"
      />
      <button
        aria-label="Dica 15 de 15"
        class="w-1.5 h-1.5 rounded-full transition-all duration-300 bg-ink-muted/30"
        type="button"
      />
    </div>
  </div>
  <div
    class="flex justify-between items-center text-xs text-ink-secondary pt-3 border-t border-strong"
  >
    <span>
      <span
        class="font-semibold text-brand-blue"
      >
        2
      </span>
       de 
      <span
        class="font-semibold"
      >
        5
      </span>
       estados processados
    </span>
    <button
      class="text-xs text-ink-muted hover:text-error transition-colors underline underline-offset-2"
      type="button"
    >
      Cancelar
    </button>
  </div>
</div>
`;
